/Library/Java/JavaVirtualMachines/jdk-11.0.16.1.jdk/Contents/Home/bin/jcmd 30562 GC.class_histogram
30562:
 num     #instances         #bytes  class name (module)
-------------------------------------------------------
   1:          2866         159664  [B (java.base@11.0.16.1)
   2:           993         121264  java.lang.Class (java.base@11.0.16.1)
   3:          1085          74696  [Ljava.lang.Object; (java.base@11.0.16.1)
   4:          2726          65424  java.lang.String (java.base@11.0.16.1)
   5:          1889          60448  java.util.HashMap$Node (java.base@11.0.16.1)
   6:            12          50104  [C (java.base@11.0.16.1)
   7:          1319          42208  java.util.concurrent.ConcurrentHashMap$Node (java.base@11.0.16.1)
   8:           371          37608  [Ljava.util.HashMap$Node; (java.base@11.0.16.1)
   9:           385          18480  java.util.HashMap (java.base@11.0.16.1)
  10:            28          15488  [Ljava.util.concurrent.ConcurrentHashMap$Node; (java.base@11.0.16.1)
  11:           310          14880  java.lang.invoke.MemberName (java.base@11.0.16.1)
  12:           380          12160  java.lang.invoke.LambdaForm$Name (java.base@11.0.16.1)
  13:           152          10336  [Ljava.lang.ref.SoftReference; (java.base@11.0.16.1)
  14:           324          10216  [Ljava.lang.Class; (java.base@11.0.16.1)
  15:           369           8856  java.lang.module.ModuleDescriptor$Exports (java.base@11.0.16.1)
  16:           275           8800  java.lang.invoke.MethodType$ConcurrentWeakInternSet$WeakEntry (java.base@11.0.16.1)
  17:           205           8504  [I (java.base@11.0.16.1)
  18:           206           8240  java.lang.invoke.MethodType (java.base@11.0.16.1)
  19:           258           6192  java.util.ImmutableCollections$Set12 (java.base@11.0.16.1)
  20:           176           5632  java.lang.module.ModuleDescriptor$Requires (java.base@11.0.16.1)
  21:            70           5600  java.net.URI (java.base@11.0.16.1)
  22:           233           5592  java.lang.invoke.ResolvedMethodName (java.base@11.0.16.1)
  23:            58           5104  java.lang.reflect.Method (java.base@11.0.16.1)
  24:            89           4984  java.lang.invoke.MethodTypeForm (java.base@11.0.16.1)
  25:            70           4480  java.lang.module.ModuleDescriptor (java.base@11.0.16.1)
  26:           135           4320  java.lang.invoke.LambdaForm$NamedFunction (java.base@11.0.16.1)
  27:            82           4256  [Ljava.lang.invoke.LambdaForm$Name; (java.base@11.0.16.1)
  28:            49           4192  [Ljava.lang.invoke.MethodHandle; (java.base@11.0.16.1)
  29:           262           4192  java.lang.Integer (java.base@11.0.16.1)
  30:           259           4144  java.util.HashSet (java.base@11.0.16.1)
  31:           256           4096  java.lang.Byte (java.base@11.0.16.1)
  32:            63           4032  java.net.URL (java.base@11.0.16.1)
  33:            70           3920  jdk.internal.module.ModuleReferenceImpl (java.base@11.0.16.1)
  34:           159           3816  java.util.ImmutableCollections$SetN (java.base@11.0.16.1)
  35:            67           3752  java.lang.Module (java.base@11.0.16.1)
  36:            93           3720  java.lang.ref.SoftReference (java.base@11.0.16.1)
  37:            77           3696  java.lang.invoke.LambdaForm (java.base@11.0.16.1)
  38:             9           3384  java.lang.Thread (java.base@11.0.16.1)
  39:            42           2688  java.util.concurrent.ConcurrentHashMap (java.base@11.0.16.1)
  40:            60           2400  java.lang.invoke.DirectMethodHandle$Accessor (java.base@11.0.16.1)
  41:            66           2112  java.lang.invoke.LambdaForm$Kind (java.base@11.0.16.1)
  42:           130           2080  java.util.Collections$UnmodifiableSet (java.base@11.0.16.1)
  43:            25           2000  java.lang.reflect.Constructor (java.base@11.0.16.1)
  44:            38           1824  sun.util.locale.LocaleObjectCache$CacheEntry (java.base@11.0.16.1)
  45:            28           1792  java.lang.Class$ReflectionData (java.base@11.0.16.1)
  46:            70           1680  jdk.internal.module.SystemModuleFinders$2 (java.base@11.0.16.1)
  47:            69           1656  java.util.ImmutableCollections$List12 (java.base@11.0.16.1)
  48:           103           1648  java.lang.Object (java.base@11.0.16.1)
  49:            47           1504  java.lang.invoke.DirectMethodHandle (java.base@11.0.16.1)
  50:            61           1464  java.lang.module.ResolvedModule (java.base@11.0.16.1)
  51:            61           1464  jdk.internal.module.ServicesCatalog$ServiceProvider (java.base@11.0.16.1)
  52:            60           1440  jdk.internal.loader.BuiltinClassLoader$LoadedModule (java.base@11.0.16.1)
  53:            57           1368  java.lang.module.ModuleDescriptor$Provides (java.base@11.0.16.1)
  54:            23           1288  java.lang.invoke.LambdaFormEditor$Transform (java.base@11.0.16.1)
  55:            32           1280  java.io.ObjectStreamField (java.base@11.0.16.1)
  56:             5           1104  [J (java.base@11.0.16.1)
  57:            66           1056  jdk.internal.module.SystemModuleFinders$3 (java.base@11.0.16.1)
  58:             1           1040  [Ljava.lang.Byte; (java.base@11.0.16.1)
  59:             1           1040  [Ljava.lang.Integer; (java.base@11.0.16.1)
  60:            63           1008  java.util.HashMap$KeySet (java.base@11.0.16.1)
  61:            21           1008  jdk.internal.ref.CleanerImpl$PhantomCleanableRef (java.base@11.0.16.1)
  62:            31            992  java.lang.invoke.VarHandle$AccessMode (java.base@11.0.16.1)
  63:            41            984  java.util.jar.Attributes$Name (java.base@11.0.16.1)
  64:            31            744  java.util.concurrent.CopyOnWriteArrayList (java.base@11.0.16.1)
  65:            43            688  java.util.ImmutableCollections$ListN (java.base@11.0.16.1)
  66:            22            680  [Ljava.lang.String; (java.base@11.0.16.1)
  67:             3            624  [Ljava.lang.invoke.LambdaForm; (java.base@11.0.16.1)
  68:            19            608  java.util.Locale (java.base@11.0.16.1)
  69:            19            608  sun.util.locale.BaseLocale (java.base@11.0.16.1)
  70:            19            608  sun.util.locale.BaseLocale$Key (java.base@11.0.16.1)
  71:             4            576  [Ljava.lang.invoke.MemberName; (java.base@11.0.16.1)
  72:            12            576  java.lang.invoke.BoundMethodHandle$SpeciesData (java.base@11.0.16.1)
  73:             7            560  java.util.concurrent.TimeUnit (java.base@11.0.16.1)
  74:            13            520  java.security.AccessControlContext (java.base@11.0.16.1)
  75:             7            496  [Lsun.invoke.util.Wrapper; (java.base@11.0.16.1)
  76:            12            480  [Ljava.lang.invoke.BoundMethodHandle$SpeciesData; (java.base@11.0.16.1)
  77:            20            480  [Ljava.lang.reflect.Constructor; (java.base@11.0.16.1)
  78:            10            480  sun.invoke.util.Wrapper (java.base@11.0.16.1)
  79:            19            456  jdk.internal.reflect.NativeConstructorAccessorImpl (java.base@11.0.16.1)
  80:            11            440  java.lang.OutOfMemoryError (java.base@11.0.16.1)
  81:            11            440  java.util.LinkedHashMap$Entry (java.base@11.0.16.1)
  82:            18            432  java.lang.invoke.MethodHandleNatives$CallSiteContext (java.base@11.0.16.1)
  83:            13            416  java.lang.invoke.BoundMethodHandle$Species_L (java.base@11.0.16.1)
  84:            13            416  java.lang.ref.ReferenceQueue (java.base@11.0.16.1)
  85:             8            384  [Ljava.lang.reflect.Method; (java.base@11.0.16.1)
  86:             1            384  com.intellij.rt.execution.application.AppMainV2$1
  87:             1            384  java.lang.ref.Finalizer$FinalizerThread (java.base@11.0.16.1)
  88:             6            384  java.nio.DirectByteBuffer (java.base@11.0.16.1)
  89:             1            384  jdk.internal.misc.InnocuousThread (java.base@11.0.16.1)
  90:             1            376  java.lang.ref.Reference$ReferenceHandler (java.base@11.0.16.1)
  91:            12            344  [Ljava.io.ObjectStreamField; (java.base@11.0.16.1)
  92:             5            336  [S (java.base@11.0.16.1)
  93:             6            336  java.nio.DirectLongBufferU (java.base@11.0.16.1)
  94:             4            320  [Ljava.util.WeakHashMap$Entry; (java.base@11.0.16.1)
  95:            13            312  java.lang.invoke.Invokers (java.base@11.0.16.1)
  96:            19            304  jdk.internal.reflect.DelegatingConstructorAccessorImpl (java.base@11.0.16.1)
  97:            12            288  java.net.StandardSocketOptions$StdSocketOption (java.base@11.0.16.1)
  98:             9            288  java.util.Hashtable$Entry (java.base@11.0.16.1)
  99:             9            288  jdk.internal.org.objectweb.asm.Type (java.base@11.0.16.1)
 100:             1            280  [Ljava.lang.invoke.LambdaForm$Kind; (java.base@11.0.16.1)
 101:             6            272  [Ljava.lang.invoke.MethodType; (java.base@11.0.16.1)
 102:            17            272  sun.invoke.util.ValueConversions$WrapperCache (java.base@11.0.16.1)
 103:            11            264  java.lang.invoke.MethodHandleImpl$Intrinsic (java.base@11.0.16.1)
 104:             5            240  exercise.chapter_41.VIPCustomer
 105:            10            240  java.io.ExpiringCache$Entry (java.base@11.0.16.1)
 106:            15            240  java.lang.ref.ReferenceQueue$Lock (java.base@11.0.16.1)
 107:            10            240  java.nio.charset.CoderResult (java.base@11.0.16.1)
 108:            10            240  java.nio.file.StandardOpenOption (java.base@11.0.16.1)
 109:             6            240  java.security.ProtectionDomain (java.base@11.0.16.1)
 110:             6            240  java.util.WeakHashMap$Entry (java.base@11.0.16.1)
 111:             5            224  [Ljava.lang.invoke.LambdaForm$NamedFunction; (java.base@11.0.16.1)
 112:             5            200  java.io.FileDescriptor (java.base@11.0.16.1)
 113:             5            200  java.lang.ClassLoader$NativeLibrary (java.base@11.0.16.1)
 114:             5            200  java.lang.invoke.BoundMethodHandle$Species_LL (java.base@11.0.16.1)
 115:             5            200  java.lang.invoke.VarHandleObjects$FieldInstanceReadWrite (java.base@11.0.16.1)
 116:             5            200  java.security.CodeSource (java.base@11.0.16.1)
 117:             5            200  java.util.EnumMap (java.base@11.0.16.1)
 118:             5            200  java.util.stream.StreamOpFlag (java.base@11.0.16.1)
 119:             4            192  [Ljava.util.Hashtable$Entry; (java.base@11.0.16.1)
 120:             6            192  java.lang.ThreadLocal$ThreadLocalMap$Entry (java.base@11.0.16.1)
 121:             3            192  java.lang.invoke.BoundMethodHandle$Species_LLLLLLII (java.base@11.0.16.1)
 122:             6            192  java.lang.invoke.LambdaForm$BasicType (java.base@11.0.16.1)
 123:             4            192  java.nio.HeapByteBuffer (java.base@11.0.16.1)
 124:             4            192  java.util.Hashtable (java.base@11.0.16.1)
 125:             2            168  [Ljava.lang.ClassValue$Entry; (java.base@11.0.16.1)
 126:             4            160  java.lang.invoke.MethodHandleImpl$AsVarargsCollector (java.base@11.0.16.1)
 127:             5            160  java.lang.invoke.VarHandle$AccessType (java.base@11.0.16.1)
 128:             5            160  java.util.RegularEnumSet (java.base@11.0.16.1)
 129:             1            144  [Ljava.lang.invoke.VarHandle$AccessMode; (java.base@11.0.16.1)
 130:             3            144  exercise.chapter_41.GoldCustomer
 131:             3            144  java.lang.ThreadGroup (java.base@11.0.16.1)
 132:             6            144  java.lang.invoke.StringConcatFactory$Strategy (java.base@11.0.16.1)
 133:             6            144  java.util.ArrayList (java.base@11.0.16.1)
 134:             3            144  java.util.WeakHashMap (java.base@11.0.16.1)
 135:             6            144  jdk.internal.perf.PerfCounter (java.base@11.0.16.1)
 136:             3            144  sun.nio.cs.UTF_8$Encoder (java.base@11.0.16.1)
 137:             4            136  [Lsun.invoke.util.ValueConversions$WrapperCache; (java.base@11.0.16.1)
 138:             2            128  java.io.ExpiringCache$1 (java.base@11.0.16.1)
 139:             4            128  java.lang.ClassValue$Entry (java.base@11.0.16.1)
 140:             8            128  java.lang.ThreadLocal (java.base@11.0.16.1)
 141:             1            128  sun.nio.fs.UnixFileAttributes (java.base@11.0.16.1)
 142:             3            120  [Ljava.lang.invoke.LambdaForm$BasicType; (java.base@11.0.16.1)
 143:             3            120  exercise.chapter_41.Customer
 144:             5            120  java.lang.module.ModuleDescriptor$Opens (java.base@11.0.16.1)
 145:             5            120  java.util.stream.StreamOpFlag$Type (java.base@11.0.16.1)
 146:             1            120  jdk.internal.loader.ClassLoaders$AppClassLoader (java.base@11.0.16.1)
 147:             5            120  jdk.net.ExtendedSocketOptions$ExtSocketOption (jdk.net@11.0.16.1)
 148:             2            112  java.util.Properties (java.base@11.0.16.1)
 149:             1            112  jdk.internal.loader.ClassLoaders$BootClassLoader (java.base@11.0.16.1)
 150:             1            112  jdk.internal.loader.ClassLoaders$PlatformClassLoader (java.base@11.0.16.1)
 151:             1            104  java.util.jar.JarFile$JarFileEntry (java.base@11.0.16.1)
 152:             3             96  [Ljava.lang.Thread; (java.base@11.0.16.1)
 153:             6             96  [Ljava.security.Principal; (java.base@11.0.16.1)
 154:             3             96  java.lang.Runtime$Version (java.base@11.0.16.1)
 155:             3             96  java.lang.invoke.SimpleMethodHandle (java.base@11.0.16.1)
 156:             4             96  java.lang.invoke.VarForm (java.base@11.0.16.1)
 157:             4             96  java.lang.module.ModuleDescriptor$Modifier (java.base@11.0.16.1)
 158:             4             96  java.lang.module.ModuleDescriptor$Requires$Modifier (java.base@11.0.16.1)
 159:             1             96  java.net.SocksSocketImpl (java.base@11.0.16.1)
 160:             6             96  java.security.ProtectionDomain$Key (java.base@11.0.16.1)
 161:             3             96  java.util.Collections$UnmodifiableMap (java.base@11.0.16.1)
 162:             3             96  java.util.ImmutableCollections$MapN (java.base@11.0.16.1)
 163:             3             96  java.util.Vector (java.base@11.0.16.1)
 164:             4             96  java.util.stream.StreamShape (java.base@11.0.16.1)
 165:             3             96  sun.net.spi.DefaultProxySelector$NonProxyInfo (java.base@11.0.16.1)
 166:             2             96  sun.nio.cs.StreamEncoder (java.base@11.0.16.1)
 167:             1             80  [Ljava.lang.ThreadLocal$ThreadLocalMap$Entry; (java.base@11.0.16.1)
 168:             2             80  [Ljava.util.stream.StreamOpFlag$Type; (java.base@11.0.16.1)
 169:             2             80  java.io.BufferedWriter (java.base@11.0.16.1)
 170:             2             80  java.io.ExpiringCache (java.base@11.0.16.1)
 171:             2             80  java.io.FileOutputStream (java.base@11.0.16.1)
 172:             2             80  java.io.PrintStream (java.base@11.0.16.1)
 173:             2             80  java.lang.ModuleLayer (java.base@11.0.16.1)
 174:             2             80  java.lang.VirtualMachineError (java.base@11.0.16.1)
 175:             2             80  java.lang.invoke.DirectMethodHandle$Constructor (java.base@11.0.16.1)
 176:             2             80  java.lang.module.Configuration (java.base@11.0.16.1)
 177:             3             72  java.lang.WeakPairMap (java.base@11.0.16.1)
 178:             3             72  java.lang.invoke.MethodHandles$Lookup (java.base@11.0.16.1)
 179:             3             72  java.lang.invoke.StringConcatFactory$Mode (java.base@11.0.16.1)
 180:             3             72  java.net.Proxy$Type (java.base@11.0.16.1)
 181:             3             72  java.util.ArrayDeque (java.base@11.0.16.1)
 182:             3             72  java.util.Collections$SetFromMap (java.base@11.0.16.1)
 183:             3             72  java.util.concurrent.atomic.AtomicLong (java.base@11.0.16.1)
 184:             3             72  java.util.stream.Collector$Characteristics (java.base@11.0.16.1)
 185:             1             72  java.util.zip.ZipFile$Source (java.base@11.0.16.1)
 186:             3             72  jdk.internal.misc.Signal (java.base@11.0.16.1)
 187:             3             72  jdk.internal.module.IllegalAccessLogger$Mode (java.base@11.0.16.1)
 188:             3             72  jdk.internal.reflect.NativeMethodAccessorImpl (java.base@11.0.16.1)
 189:             1             64  [Ljava.lang.invoke.MethodHandleImpl$Intrinsic; (java.base@11.0.16.1)
 190:             2             64  [Ljava.nio.charset.CoderResult; (java.base@11.0.16.1)
 191:             2             64  [Ljava.util.stream.Collector$Characteristics; (java.base@11.0.16.1)
 192:             2             64  java.io.BufferedOutputStream (java.base@11.0.16.1)
 193:             2             64  java.io.File (java.base@11.0.16.1)
 194:             1             64  java.lang.ClassValue$ClassValueMap (java.base@11.0.16.1)
 195:             2             64  java.lang.Package (java.base@11.0.16.1)
 196:             1             64  java.lang.invoke.BoundMethodHandle$Species_LLLLLLLII (java.base@11.0.16.1)
 197:             2             64  java.lang.ref.ReferenceQueue$Null (java.base@11.0.16.1)
 198:             2             64  java.security.BasicPermissionCollection (java.base@11.0.16.1)
 199:             2             64  java.security.Permissions (java.base@11.0.16.1)
 200:             4             64  java.util.concurrent.atomic.AtomicInteger (java.base@11.0.16.1)
 201:             1             64  java.util.jar.JarFile (java.base@11.0.16.1)
 202:             2             64  java.util.stream.FindOps$FindOp (java.base@11.0.16.1)
 203:             2             64  sun.nio.fs.UnixPath (java.base@11.0.16.1)
 204:             2             64  sun.security.util.LazyCodeSourcePermissionCollection (java.base@11.0.16.1)
 205:             1             56  [Ljava.nio.file.StandardOpenOption; (java.base@11.0.16.1)
 206:             1             56  [[I (java.base@11.0.16.1)
 207:             1             56  java.io.FileCleanable (java.base@11.0.16.1)
 208:             1             56  java.lang.invoke.BoundMethodHandle$Specializer (java.base@11.0.16.1)
 209:             1             56  java.net.SocketInputStream (java.base@11.0.16.1)
 210:             1             56  java.util.LinkedHashMap (java.base@11.0.16.1)
 211:             1             56  jdk.internal.ref.CleanerImpl$SoftCleanableRef (java.base@11.0.16.1)
 212:             2             48  [Ljava.security.ProtectionDomain; (java.base@11.0.16.1)
 213:             1             48  [Ljava.util.concurrent.TimeUnit; (java.base@11.0.16.1)
 214:             1             48  java.io.BufferedReader (java.base@11.0.16.1)
 215:             2             48  java.io.File$PathStatus (java.base@11.0.16.1)
 216:             2             48  java.io.OutputStreamWriter (java.base@11.0.16.1)
 217:             2             48  java.lang.ClassValue$Version (java.base@11.0.16.1)
 218:             2             48  java.lang.RuntimePermission (java.base@11.0.16.1)
 219:             1             48  java.lang.invoke.BoundMethodHandle$Specializer$Factory (java.base@11.0.16.1)
 220:             1             48  java.net.SocketCleanable (java.base@11.0.16.1)
 221:             1             48  java.nio.HeapCharBuffer (java.base@11.0.16.1)
 222:             3             48  java.nio.charset.CodingErrorAction (java.base@11.0.16.1)
 223:             3             48  java.util.Optional (java.base@11.0.16.1)
 224:             1             48  java.util.concurrent.ConcurrentSkipListMap (java.base@11.0.16.1)
 225:             1             48  jdk.internal.loader.URLClassPath$JarLoader (java.base@11.0.16.1)
 226:             2             48  jdk.internal.misc.Signal$NativeHandler (java.base@11.0.16.1)
 227:             1             48  jdk.internal.ref.CleanerImpl$WeakCleanableRef (java.base@11.0.16.1)
 228:             3             48  jdk.internal.reflect.DelegatingMethodAccessorImpl (java.base@11.0.16.1)
 229:             1             48  sun.nio.cs.StreamDecoder (java.base@11.0.16.1)
 230:             1             40  [Ljava.lang.invoke.StringConcatFactory$Strategy; (java.base@11.0.16.1)
 231:             1             40  [Ljava.lang.invoke.VarHandle$AccessType; (java.base@11.0.16.1)
 232:             1             40  [Ljava.util.stream.StreamOpFlag; (java.base@11.0.16.1)
 233:             1             40  [[Ljava.lang.String; (java.base@11.0.16.1)
 234:             1             40  [[Ljava.lang.invoke.LambdaForm$Name; (java.base@11.0.16.1)
 235:             1             40  java.io.BufferedInputStream (java.base@11.0.16.1)
 236:             1             40  java.io.FileInputStream (java.base@11.0.16.1)
 237:             1             40  java.lang.ArithmeticException (java.base@11.0.16.1)
 238:             1             40  java.lang.NullPointerException (java.base@11.0.16.1)
 239:             1             40  java.lang.Package$VersionInfo (java.base@11.0.16.1)
 240:             1             40  java.lang.invoke.DirectMethodHandle$Interface (java.base@11.0.16.1)
 241:             1             40  java.lang.invoke.MethodHandleImpl$IntrinsicMethodHandle (java.base@11.0.16.1)
 242:             1             40  java.util.IdentityHashMap (java.base@11.0.16.1)
 243:             1             40  jdk.internal.loader.URLClassPath (java.base@11.0.16.1)
 244:             1             40  jdk.internal.ref.CleanerImpl$CleanerCleanable (java.base@11.0.16.1)
 245:             1             40  sun.nio.cs.US_ASCII$Decoder (java.base@11.0.16.1)
 246:             1             40  sun.nio.cs.UTF_8$Decoder (java.base@11.0.16.1)
 247:             1             32  [Ljava.lang.OutOfMemoryError; (java.base@11.0.16.1)
 248:             2             32  [Ljava.lang.StackTraceElement; (java.base@11.0.16.1)
 249:             1             32  [Ljava.lang.ThreadGroup; (java.base@11.0.16.1)
 250:             2             32  [Ljava.lang.annotation.Annotation; (java.base@11.0.16.1)
 251:             1             32  [Ljava.lang.invoke.LambdaFormEditor$Transform; (java.base@11.0.16.1)
 252:             1             32  [Ljava.lang.invoke.StringConcatFactory$Mode; (java.base@11.0.16.1)
 253:             1             32  [Ljava.lang.module.ModuleDescriptor$Modifier; (java.base@11.0.16.1)
 254:             1             32  [Ljava.lang.module.ModuleDescriptor$Requires$Modifier; (java.base@11.0.16.1)
 255:             1             32  [Ljava.net.Proxy$Type; (java.base@11.0.16.1)
 256:             1             32  [Ljava.util.stream.StreamShape; (java.base@11.0.16.1)
 257:             1             32  [Ljdk.internal.module.IllegalAccessLogger$Mode; (java.base@11.0.16.1)
 258:             1             32  [Lsun.nio.fs.NativeBuffer; (java.base@11.0.16.1)
 259:             1             32  java.io.RandomAccessFile (java.base@11.0.16.1)
 260:             1             32  java.io.UnixFileSystem (java.base@11.0.16.1)
 261:             2             32  java.lang.Boolean (java.base@11.0.16.1)
 262:             2             32  java.lang.ClassValue$Identity (java.base@11.0.16.1)
 263:             1             32  java.lang.invoke.VarHandleInts$FieldInstanceReadWrite (java.base@11.0.16.1)
 264:             1             32  java.lang.module.ModuleDescriptor$Version (java.base@11.0.16.1)
 265:             1             32  java.net.InetAddress$InetAddressHolder (java.base@11.0.16.1)
 266:             1             32  java.net.Socket (java.base@11.0.16.1)
 267:             2             32  java.nio.ByteOrder (java.base@11.0.16.1)
 268:             2             32  java.security.SecureClassLoader$CodeSourceKey (java.base@11.0.16.1)
 269:             2             32  java.util.HashMap$Values (java.base@11.0.16.1)
 270:             2             32  java.util.WeakHashMap$KeySet (java.base@11.0.16.1)
 271:             1             32  java.util.zip.ZipFile$CleanableResource (java.base@11.0.16.1)
 272:             2             32  jdk.internal.loader.ClassLoaderValue (java.base@11.0.16.1)
 273:             1             32  jdk.internal.module.IllegalAccessLogger (java.base@11.0.16.1)
 274:             2             32  jdk.internal.module.ServicesCatalog (java.base@11.0.16.1)
 275:             1             32  jdk.internal.ref.CleanerImpl (java.base@11.0.16.1)
 276:             1             32  sun.instrument.InstrumentationImpl (java.instrument@11.0.16.1)
 277:             1             32  sun.nio.cs.StandardCharsets (java.base@11.0.16.1)
 278:             1             32  sun.nio.fs.MacOSXFileSystem (java.base@11.0.16.1)
 279:             1             32  sun.nio.fs.NativeBuffer (java.base@11.0.16.1)
 280:             1             24  [Ljava.io.File$PathStatus; (java.base@11.0.16.1)
 281:             1             24  java.io.InputStreamReader (java.base@11.0.16.1)
 282:             1             24  java.lang.Double (java.base@11.0.16.1)
 283:             1             24  java.lang.StringBuilder (java.base@11.0.16.1)
 284:             1             24  java.lang.StringCoding$Result (java.base@11.0.16.1)
 285:             1             24  java.lang.ThreadLocal$ThreadLocalMap (java.base@11.0.16.1)
 286:             1             24  java.lang.invoke.MethodType$ConcurrentWeakInternSet (java.base@11.0.16.1)
 287:             1             24  java.lang.invoke.StringConcatFactory$Stringifiers$StringifierAny (java.base@11.0.16.1)
 288:             1             24  java.lang.invoke.StringConcatFactory$Stringifiers$StringifierMost (java.base@11.0.16.1)
 289:             1             24  java.lang.reflect.ReflectPermission (java.base@11.0.16.1)
 290:             1             24  java.net.Inet4Address (java.base@11.0.16.1)
 291:             1             24  java.net.Inet6AddressImpl (java.base@11.0.16.1)
 292:             1             24  java.net.Proxy (java.base@11.0.16.1)
 293:             1             24  java.util.Collections$EmptyMap (java.base@11.0.16.1)
 294:             1             24  java.util.Locale$Cache (java.base@11.0.16.1)
 295:             1             24  java.util.jar.Manifest (java.base@11.0.16.1)
 296:             1             24  java.util.zip.ZipCoder$UTF8 (java.base@11.0.16.1)
 297:             1             24  java.util.zip.ZipFile$Source$Key (java.base@11.0.16.1)
 298:             1             24  jdk.internal.loader.URLClassPath$FileLoader (java.base@11.0.16.1)
 299:             1             24  jdk.internal.module.ModuleBootstrap$SafeModuleFinder (java.base@11.0.16.1)
 300:             1             24  jdk.internal.module.ModuleHashes (java.base@11.0.16.1)
 301:             1             24  sun.instrument.TransformerManager (java.instrument@11.0.16.1)
 302:             1             24  sun.net.sdp.SdpProvider (java.base@11.0.16.1)
 303:             1             24  sun.nio.cs.ISO_8859_1 (java.base@11.0.16.1)
 304:             1             24  sun.nio.cs.ThreadLocalCoders$1 (java.base@11.0.16.1)
 305:             1             24  sun.nio.cs.ThreadLocalCoders$2 (java.base@11.0.16.1)
 306:             1             24  sun.nio.cs.US_ASCII (java.base@11.0.16.1)
 307:             1             24  sun.nio.cs.UTF_8 (java.base@11.0.16.1)
 308:             1             24  sun.nio.fs.NativeBuffer$Deallocator (java.base@11.0.16.1)
 309:             1             24  sun.util.locale.BaseLocale$Cache (java.base@11.0.16.1)
 310:             1             16  [D (java.base@11.0.16.1)
 311:             1             16  [F (java.base@11.0.16.1)
 312:             1             16  [Lexercise.chapter_41.Customer;
 313:             1             16  [Ljava.lang.Throwable; (java.base@11.0.16.1)
 314:             1             16  [Ljava.security.cert.Certificate; (java.base@11.0.16.1)
 315:             1             16  [Lsun.instrument.TransformerManager$TransformerInfo; (java.instrument@11.0.16.1)
 316:             1             16  [Z (java.base@11.0.16.1)
 317:             1             16  exercise.chapter_41.Staff
 318:             1             16  java.io.FileDescriptor$1 (java.base@11.0.16.1)
 319:             1             16  java.io.RandomAccessFile$2 (java.base@11.0.16.1)
 320:             1             16  java.lang.CharacterDataLatin1 (java.base@11.0.16.1)
 321:             1             16  java.lang.Float (java.base@11.0.16.1)
 322:             1             16  java.lang.Runtime (java.base@11.0.16.1)
 323:             1             16  java.lang.String$CaseInsensitiveComparator (java.base@11.0.16.1)
 324:             1             16  java.lang.StringCoding$1 (java.base@11.0.16.1)
 325:             1             16  java.lang.System$2 (java.base@11.0.16.1)
 326:             1             16  java.lang.Terminator$1 (java.base@11.0.16.1)
 327:             1             16  java.lang.invoke.ClassSpecializer$1 (java.base@11.0.16.1)
 328:             1             16  java.lang.invoke.MemberName$Factory (java.base@11.0.16.1)
 329:             1             16  java.lang.invoke.MethodHandleImpl$1 (java.base@11.0.16.1)
 330:             1             16  java.lang.invoke.StringConcatFactory$MethodHandleInlineCopyStrategy$1 (java.base@11.0.16.1)
 331:             1             16  java.lang.invoke.StringConcatFactory$MethodHandleInlineCopyStrategy$2 (java.base@11.0.16.1)
 332:             1             16  java.lang.invoke.StringConcatFactory$MethodHandleInlineCopyStrategy$3 (java.base@11.0.16.1)
 333:             1             16  java.lang.invoke.VarHandle$1 (java.base@11.0.16.1)
 334:             1             16  java.lang.module.ModuleDescriptor$1 (java.base@11.0.16.1)
 335:             1             16  java.lang.ref.Cleaner (java.base@11.0.16.1)
 336:             1             16  java.lang.ref.Cleaner$1 (java.base@11.0.16.1)
 337:             1             16  java.lang.ref.Reference$1 (java.base@11.0.16.1)
 338:             1             16  java.lang.reflect.ReflectAccess (java.base@11.0.16.1)
 339:             1             16  java.net.InetAddress$2 (java.base@11.0.16.1)
 340:             1             16  java.net.InetAddress$PlatformNameService (java.base@11.0.16.1)
 341:             1             16  java.net.URI$1 (java.base@11.0.16.1)
 342:             1             16  java.net.URL$3 (java.base@11.0.16.1)
 343:             1             16  java.net.URL$DefaultFactory (java.base@11.0.16.1)
 344:             1             16  java.nio.Bits$1 (java.base@11.0.16.1)
 345:             1             16  java.nio.Buffer$1 (java.base@11.0.16.1)
 346:             1             16  java.security.ProtectionDomain$JavaSecurityAccessImpl (java.base@11.0.16.1)
 347:             1             16  java.util.Collections$EmptyList (java.base@11.0.16.1)
 348:             1             16  java.util.Collections$EmptySet (java.base@11.0.16.1)
 349:             1             16  java.util.EnumMap$1 (java.base@11.0.16.1)
 350:             1             16  java.util.HashMap$EntrySet (java.base@11.0.16.1)
 351:             1             16  java.util.IdentityHashMap$KeySet (java.base@11.0.16.1)
 352:             1             16  java.util.Spliterators$EmptySpliterator$OfDouble (java.base@11.0.16.1)
 353:             1             16  java.util.Spliterators$EmptySpliterator$OfInt (java.base@11.0.16.1)
 354:             1             16  java.util.Spliterators$EmptySpliterator$OfLong (java.base@11.0.16.1)
 355:             1             16  java.util.Spliterators$EmptySpliterator$OfRef (java.base@11.0.16.1)
 356:             1             16  java.util.concurrent.ConcurrentHashMap$EntrySetView (java.base@11.0.16.1)
 357:             1             16  java.util.concurrent.ConcurrentHashMap$ValuesView (java.base@11.0.16.1)
 358:             1             16  java.util.concurrent.ConcurrentSkipListSet (java.base@11.0.16.1)
 359:             1             16  java.util.concurrent.atomic.AtomicBoolean (java.base@11.0.16.1)
 360:             1             16  java.util.jar.Attributes (java.base@11.0.16.1)
 361:             1             16  java.util.jar.JavaUtilJarAccessImpl (java.base@11.0.16.1)
 362:             1             16  java.util.stream.Collectors$$Lambda$5/0x0000000800062040 (java.base@11.0.16.1)
 363:             1             16  java.util.stream.Collectors$$Lambda$6/0x0000000800062440 (java.base@11.0.16.1)
 364:             1             16  java.util.stream.Collectors$$Lambda$7/0x0000000800062840 (java.base@11.0.16.1)
 365:             1             16  java.util.stream.Collectors$$Lambda$8/0x0000000800062c40 (java.base@11.0.16.1)
 366:             1             16  java.util.stream.FindOps$FindSink$OfRef$$Lambda$10/0x0000000800063440 (java.base@11.0.16.1)
 367:             1             16  java.util.stream.FindOps$FindSink$OfRef$$Lambda$11/0x0000000800063840 (java.base@11.0.16.1)
 368:             1             16  java.util.stream.FindOps$FindSink$OfRef$$Lambda$12/0x0000000800063c40 (java.base@11.0.16.1)
 369:             1             16  java.util.stream.FindOps$FindSink$OfRef$$Lambda$13/0x0000000800064040 (java.base@11.0.16.1)
 370:             1             16  java.util.zip.ZipFile$1 (java.base@11.0.16.1)
 371:             1             16  jdk.internal.misc.TerminatingThreadLocal$1 (java.base@11.0.16.1)
 372:             1             16  jdk.internal.misc.Unsafe (java.base@11.0.16.1)
 373:             1             16  jdk.internal.module.DefaultRoots$$Lambda$1/0x0000000800060440 (java.base@11.0.16.1)
 374:             1             16  jdk.internal.module.DefaultRoots$$Lambda$2/0x0000000800061040 (java.base@11.0.16.1)
 375:             1             16  jdk.internal.module.DefaultRoots$$Lambda$4/0x0000000800061c40 (java.base@11.0.16.1)
 376:             1             16  jdk.internal.module.DefaultRoots$$Lambda$9/0x0000000800063040 (java.base@11.0.16.1)
 377:             1             16  jdk.internal.module.ModulePatcher (java.base@11.0.16.1)
 378:             1             16  jdk.internal.module.ModuleTarget (java.base@11.0.16.1)
 379:             1             16  jdk.internal.perf.Perf (java.base@11.0.16.1)
 380:             1             16  jdk.internal.reflect.ReflectionFactory (java.base@11.0.16.1)
 381:             1             16  jdk.internal.util.Preconditions$1 (java.base@11.0.16.1)
 382:             1             16  jdk.net.ExtendedSocketOptions$1 (jdk.net@11.0.16.1)
 383:             1             16  jdk.net.MacOSXSocketOptions (jdk.net@11.0.16.1)
 384:             1             16  jdk.net.MacOSXSocketOptions$$Lambda$14/0x0000000800090c40 (jdk.net@11.0.16.1)
 385:             1             16  sun.net.spi.DefaultProxySelector (java.base@11.0.16.1)
 386:             1             16  sun.net.www.protocol.file.Handler (java.base@11.0.16.1)
 387:             1             16  sun.net.www.protocol.jar.Handler (java.base@11.0.16.1)
 388:             1             16  sun.net.www.protocol.jrt.Handler (java.base@11.0.16.1)
 389:             1             16  sun.nio.fs.MacOSXFileSystemProvider (java.base@11.0.16.1)
 390:             1             16  sun.nio.fs.NativeBuffers$1 (java.base@11.0.16.1)
 391:             1             16  sun.nio.fs.UnixFileAttributes$UnixAsBasicFileAttributes (java.base@11.0.16.1)
 392:             1             16  sun.util.locale.InternalLocaleBuilder$CaseInsensitiveChar (java.base@11.0.16.1)
Total         18666         889160
